// Jest Snapshot v1, https://goo.gl/fbAQLP

exports[`renders component 1`] = `
<div
  className="timer"
>
  00:00
</div>
`;
